// Jest Snapshot v1, https://goo.gl/fbAQLP

exports[`should render correctly 1`] = `"<head></head><body><div></div><script>(function(){if(!Intl.PluralRules||!Intl.RelativeTimeFormat){var e=document.currentScript,t=document.createElement(\\"script\\");t.src=\\"foo.js\\",e.parentNode.insertBefore(t,e.nextSibling)}})();</script><div></div></body>"`;
